../latest-child-speech-dataset/mps_test_filtered/audios/5b39c_EN-OL-RC-538_1.wav
../latest-child-speech-dataset/mps_test_filtered/audios/5a38h_EN-OL-RC-538_2.wav
../latest-child-speech-dataset/mps_test_filtered/audios/5a42c_EN-OL-RC-538_2.wav
../latest-child-speech-dataset/mps_test_filtered/audios/5a25c_EN-OL-RC-538_2.wav
../latest-child-speech-dataset/mps_test_filtered/audios/5a25j_EN-OL-RC-538_1.wav
../latest-child-speech-dataset/mps_test_filtered/audios/5d39c_EN-OL-RC-538_1.wav
../latest-child-speech-dataset/mps_test_filtered/audios/5a14k_EN-OL-RC-538_1.wav
../latest-child-speech-dataset/mps_test_filtered/audios/5b36b_EN-OL-RC-538_1.wav
../latest-child-speech-dataset/mps_test_filtered/audios/5b45a_EN-OL-RC-538_1.wav

../latest-child-speech-dataset/speechocean_test_filtered/age_11_15/WAVE/SPEAKER5029/050290028.wav
../latest-child-speech-dataset/speechocean_test_filtered/age_11_15/WAVE/SPEAKER5029/050290038.wav
../latest-child-speech-dataset/speechocean_test_filtered/age_11_15/WAVE/SPEAKER5029/050290060.wav
../latest-child-speech-dataset/speechocean_test_filtered/age_11_15/WAVE/SPEAKER5029/050290068.wav
../latest-child-speech-dataset/speechocean_test_filtered/age_11_15/WAVE/SPEAKER5029/050290087.wav
../latest-child-speech-dataset/speechocean_test_filtered/age_11_15/WAVE/SPEAKER5029/050290126.wav
../latest-child-speech-dataset/speechocean_test_filtered/age_11_15/WAVE/SPEAKER5029/050290129.wav
../latest-child-speech-dataset/speechocean_test_filtered/age_11_15/WAVE/SPEAKER5029/050290132.wav
../latest-child-speech-dataset/speechocean_test_filtered/age_11_15/WAVE/SPEAKER5029/050290145.wav
../latest-child-speech-dataset/speechocean_test_filtered/age_11_15/WAVE/SPEAKER5029/050290167.wav