ai_child_10_a.wav
ai_child_10_b.wav
ai_child_10_c.wav
ai_child_10_d.wav
ai_child_10_e.wav
ai_child_11_a.wav
ai_child_11_b.wav
ai_child_11_c.wav
ai_child_12_a.wav
ai_child_12_b.wav
ai_child_13_a.wav
ai_child_13_b.wav
ai_child_13_c.wav
ai_child_14_a.wav
ai_child_14_b.wav
ai_child_15_a.wav
ai_child_15_b.wav
ai_child_16_a.wav
ai_child_16_b.wav
ai_child_16_c.wav
ai_child_16_d.wav
ai_child_16_e.wav
ai_child_16_f.wav
ai_child_1_a.wav
ai_child_1_b.wav
ai_child_1_c.wav
ai_child_1_d.wav
ai_child_2_a.wav
ai_child_2_b.wav
ai_child_2_c.wav
ai_child_2_d.wav
ai_child_3_a.wav
ai_child_3_b.wav
ai_child_4_a.wav
ai_child_4_b.wav
ai_child_5.wav
ai_child_6_a.wav
ai_child_6_b.wav
ai_child_7_a.wav
ai_child_7_b.wav
ai_child_8_a.wav
ai_child_8_b.wav
ai_child_9_a.wav
ai_child_9_b.wav
